17.09.2026 16:36:47: System.Windows.Markup.XamlParseException: Предоставление значения для "System.Windows.Baml2006.TypeConverterMarkupExtension" вызвало исключение.
 ---> System.FormatException: CloudLightning24 is not a valid value for SymbolRegular.
 ---> System.ArgumentException: Requested value 'CloudLightning24' was not found.
   at System.Enum.TryParseByName[TStorage](RuntimeType enumType, ReadOnlySpan`1 value, Boolean ignoreCase, Boolean throwOnFailure, TStorage& result)
   at System.Enum.TryParseByValueOrName[TUnderlying,TStorage](RuntimeType enumType, ReadOnlySpan`1 value, Boolean ignoreCase, Boolean throwOnFailure, TUnderlying& result)
   at System.Enum.TryParse(Type enumType, ReadOnlySpan`1 value, Boolean ignoreCase, Boolean throwOnFailure, Object& result)
   at System.Enum.Parse(Type enumType, String value, Boolean ignoreCase)
   at System.ComponentModel.EnumConverter.ConvertFrom(ITypeDescriptorContext context, CultureInfo culture, Object value)
   --- End of inner exception stack trace ---
   at System.ComponentModel.EnumConverter.ConvertFrom(ITypeDescriptorContext context, CultureInfo culture, Object value)
   at MS.Internal.Xaml.Runtime.ClrObjectRuntime.CallProvideValue(MarkupExtension me, IServiceProvider serviceProvider)
   --- End of inner exception stack trace ---
   at System.Windows.Markup.XamlReader.RewrapException(Exception e, IXamlLineInfo lineInfo, Uri baseUri)
   at System.Windows.Markup.WpfXamlLoader.Load(XamlReader xamlReader, IXamlObjectWriterFactory writerFactory, Boolean skipJournaledProperties, Object rootObject, XamlObjectWriterSettings settings, Uri baseUri)
   at System.Windows.Markup.WpfXamlLoader.LoadBaml(XamlReader xamlReader, Boolean skipJournaledProperties, Object rootObject, XamlAccessLevel accessLevel, Uri baseUri)
   at System.Windows.Markup.XamlReader.LoadBaml(Stream stream, ParserContext parserContext, Object parent, Boolean closeStream)
   at System.Windows.Application.LoadBamlStreamWithSyncInfo(Stream stream, ParserContext pc)
   at System.Windows.Application.DoStartup()
   at System.Windows.Application.<.ctor>b__1_0(Object unused)
   at System.Windows.Threading.ExceptionWrapper.InternalRealCall(Delegate callback, Object args, Int32 numArgs)
   at System.Windows.Threading.ExceptionWrapper.TryCatchWhen(Object source, Delegate callback, Object args, Int32 numArgs, Delegate catchHandler)
Inner: System.FormatException: CloudLightning24 is not a valid value for SymbolRegular.
 ---> System.ArgumentException: Requested value 'CloudLightning24' was not found.
   at System.Enum.TryParseByName[TStorage](RuntimeType enumType, ReadOnlySpan`1 value, Boolean ignoreCase, Boolean throwOnFailure, TStorage& result)
   at System.Enum.TryParseByValueOrName[TUnderlying,TStorage](RuntimeType enumType, ReadOnlySpan`1 value, Boolean ignoreCase, Boolean throwOnFailure, TUnderlying& result)
   at System.Enum.TryParse(Type enumType, ReadOnlySpan`1 value, Boolean ignoreCase, Boolean throwOnFailure, Object& result)
   at System.Enum.Parse(Type enumType, String value, Boolean ignoreCase)
   at System.ComponentModel.EnumConverter.ConvertFrom(ITypeDescriptorContext context, CultureInfo culture, Object value)
   --- End of inner exception stack trace ---
   at System.ComponentModel.EnumConverter.ConvertFrom(ITypeDescriptorContext context, CultureInfo culture, Object value)
   at MS.Internal.Xaml.Runtime.ClrObjectRuntime.CallProvideValue(MarkupExtension me, IServiceProvider serviceProvider)
17.09.2026 16:36:49: System.Windows.Markup.XamlParseException: Предоставление значения для "System.Windows.Baml2006.TypeConverterMarkupExtension" вызвало исключение.
 ---> System.FormatException: CloudLightning24 is not a valid value for SymbolRegular.
 ---> System.ArgumentException: Requested value 'CloudLightning24' was not found.
   at System.Enum.TryParseByName[TStorage](RuntimeType enumType, ReadOnlySpan`1 value, Boolean ignoreCase, Boolean throwOnFailure, TStorage& result)
   at System.Enum.TryParseByValueOrName[TUnderlying,TStorage](RuntimeType enumType, ReadOnlySpan`1 value, Boolean ignoreCase, Boolean throwOnFailure, TUnderlying& result)
   at System.Enum.TryParse(Type enumType, ReadOnlySpan`1 value, Boolean ignoreCase, Boolean throwOnFailure, Object& result)
   at System.Enum.Parse(Type enumType, String value, Boolean ignoreCase)
   at System.ComponentModel.EnumConverter.ConvertFrom(ITypeDescriptorContext context, CultureInfo culture, Object value)
   --- End of inner exception stack trace ---
   at System.ComponentModel.EnumConverter.ConvertFrom(ITypeDescriptorContext context, CultureInfo culture, Object value)
   at MS.Internal.Xaml.Runtime.ClrObjectRuntime.CallProvideValue(MarkupExtension me, IServiceProvider serviceProvider)
   --- End of inner exception stack trace ---
   at System.Windows.Markup.XamlReader.RewrapException(Exception e, IXamlLineInfo lineInfo, Uri baseUri)
   at System.Windows.Markup.WpfXamlLoader.Load(XamlReader xamlReader, IXamlObjectWriterFactory writerFactory, Boolean skipJournaledProperties, Object rootObject, XamlObjectWriterSettings settings, Uri baseUri)
   at System.Windows.Markup.WpfXamlLoader.LoadBaml(XamlReader xamlReader, Boolean skipJournaledProperties, Object rootObject, XamlAccessLevel accessLevel, Uri baseUri)
   at System.Windows.Markup.XamlReader.LoadBaml(Stream stream, ParserContext parserContext, Object parent, Boolean closeStream)
   at System.Windows.Application.LoadBamlStreamWithSyncInfo(Stream stream, ParserContext pc)
   at System.Windows.Application.DoStartup()
   at System.Windows.Application.<.ctor>b__1_0(Object unused)
   at System.Windows.Threading.ExceptionWrapper.InternalRealCall(Delegate callback, Object args, Int32 numArgs)
   at System.Windows.Threading.ExceptionWrapper.TryCatchWhen(Object source, Delegate callback, Object args, Int32 numArgs, Delegate catchHandler)
   at System.Windows.Threading.DispatcherOperation.InvokeImpl()
   at MS.Internal.CulturePreservingExecutionContext.CallbackWrapper(Object obj)
   at System.Threading.ExecutionContext.RunInternal(ExecutionContext executionContext, ContextCallback callback, Object state)
--- End of stack trace from previous location ---
   at System.Threading.ExecutionContext.RunInternal(ExecutionContext executionContext, ContextCallback callback, Object state)
   at MS.Internal.CulturePreservingExecutionContext.Run(CulturePreservingExecutionContext executionContext, ContextCallback callback, Object state)
   at System.Windows.Threading.DispatcherOperation.Invoke()
   at System.Windows.Threading.Dispatcher.ProcessQueue()
   at System.Windows.Threading.Dispatcher.WndProcHook(IntPtr hwnd, Int32 msg, IntPtr wParam, IntPtr lParam, Boolean& handled)
   at MS.Win32.HwndWrapper.WndProc(IntPtr hwnd, Int32 msg, IntPtr wParam, IntPtr lParam, Boolean& handled)
   at MS.Win32.HwndSubclass.DispatcherCallbackOperation(Object o)
   at System.Windows.Threading.ExceptionWrapper.InternalRealCall(Delegate callback, Object args, Int32 numArgs)
   at System.Windows.Threading.ExceptionWrapper.TryCatchWhen(Object source, Delegate callback, Object args, Int32 numArgs, Delegate catchHandler)
   at System.Windows.Threading.Dispatcher.LegacyInvokeImpl(DispatcherPriority priority, TimeSpan timeout, Delegate method, Object args, Int32 numArgs)
   at System.Windows.Threading.Dispatcher.Invoke(DispatcherPriority priority, Delegate method, Object arg)
   at MS.Win32.HwndSubclass.SubclassWndProc(IntPtr hwnd, Int32 msg, IntPtr wParam, IntPtr lParam)
   at MS.Win32.UnsafeNativeMethods.DispatchMessage(MSG& msg)
   at System.Windows.Threading.Dispatcher.PushFrameImpl(DispatcherFrame frame)
   at System.Windows.Application.RunDispatcher(Object ignore)
   at System.Windows.Application.RunInternal(Window window)
   at OmniEyeTray.App.Main()
Inner: System.FormatException: CloudLightning24 is not a valid value for SymbolRegular.
 ---> System.ArgumentException: Requested value 'CloudLightning24' was not found.
   at System.Enum.TryParseByName[TStorage](RuntimeType enumType, ReadOnlySpan`1 value, Boolean ignoreCase, Boolean throwOnFailure, TStorage& result)
   at System.Enum.TryParseByValueOrName[TUnderlying,TStorage](RuntimeType enumType, ReadOnlySpan`1 value, Boolean ignoreCase, Boolean throwOnFailure, TUnderlying& result)
   at System.Enum.TryParse(Type enumType, ReadOnlySpan`1 value, Boolean ignoreCase, Boolean throwOnFailure, Object& result)
   at System.Enum.Parse(Type enumType, String value, Boolean ignoreCase)
   at System.ComponentModel.EnumConverter.ConvertFrom(ITypeDescriptorContext context, CultureInfo culture, Object value)
   --- End of inner exception stack trace ---
   at System.ComponentModel.EnumConverter.ConvertFrom(ITypeDescriptorContext context, CultureInfo culture, Object value)
   at MS.Internal.Xaml.Runtime.ClrObjectRuntime.CallProvideValue(MarkupExtension me, IServiceProvider serviceProvider)
17.09.2026 16:38:38: System.Windows.Markup.XamlParseException: "Предоставление значения для "System.Windows.Baml2006.TypeConverterMarkupExtension" вызвало исключение.": номер строки "232" и позиция в строке "30".
 ---> System.FormatException: CloudLightning24 is not a valid value for SymbolRegular.
 ---> System.ArgumentException: Requested value 'CloudLightning24' was not found.
   at System.Enum.TryParseByName[TStorage](RuntimeType enumType, ReadOnlySpan`1 value, Boolean ignoreCase, Boolean throwOnFailure, TStorage& result)
   at System.Enum.TryParseByValueOrName[TUnderlying,TStorage](RuntimeType enumType, ReadOnlySpan`1 value, Boolean ignoreCase, Boolean throwOnFailure, TUnderlying& result)
   at System.Enum.TryParse(Type enumType, ReadOnlySpan`1 value, Boolean ignoreCase, Boolean throwOnFailure, Object& result)
   at System.Enum.Parse(Type enumType, String value, Boolean ignoreCase)
   at System.ComponentModel.EnumConverter.ConvertFrom(ITypeDescriptorContext context, CultureInfo culture, Object value)
   --- End of inner exception stack trace ---
   at System.ComponentModel.EnumConverter.ConvertFrom(ITypeDescriptorContext context, CultureInfo culture, Object value)
   at MS.Internal.Xaml.Runtime.ClrObjectRuntime.CallProvideValue(MarkupExtension me, IServiceProvider serviceProvider)
   --- End of inner exception stack trace ---
   at System.Windows.Markup.XamlReader.RewrapException(Exception e, IXamlLineInfo lineInfo, Uri baseUri)
   at System.Windows.Markup.WpfXamlLoader.Load(XamlReader xamlReader, IXamlObjectWriterFactory writerFactory, Boolean skipJournaledProperties, Object rootObject, XamlObjectWriterSettings settings, Uri baseUri)
   at System.Windows.Markup.WpfXamlLoader.LoadBaml(XamlReader xamlReader, Boolean skipJournaledProperties, Object rootObject, XamlAccessLevel accessLevel, Uri baseUri)
   at System.Windows.Markup.XamlReader.LoadBaml(Stream stream, ParserContext parserContext, Object parent, Boolean closeStream)
   at System.Windows.Application.LoadBamlStreamWithSyncInfo(Stream stream, ParserContext pc)
   at System.Windows.Application.DoStartup()
   at System.Windows.Application.<.ctor>b__1_0(Object unused)
   at System.Windows.Threading.ExceptionWrapper.InternalRealCall(Delegate callback, Object args, Int32 numArgs)
   at System.Windows.Threading.ExceptionWrapper.TryCatchWhen(Object source, Delegate callback, Object args, Int32 numArgs, Delegate catchHandler)
Inner: System.FormatException: CloudLightning24 is not a valid value for SymbolRegular.
 ---> System.ArgumentException: Requested value 'CloudLightning24' was not found.
   at System.Enum.TryParseByName[TStorage](RuntimeType enumType, ReadOnlySpan`1 value, Boolean ignoreCase, Boolean throwOnFailure, TStorage& result)
   at System.Enum.TryParseByValueOrName[TUnderlying,TStorage](RuntimeType enumType, ReadOnlySpan`1 value, Boolean ignoreCase, Boolean throwOnFailure, TUnderlying& result)
   at System.Enum.TryParse(Type enumType, ReadOnlySpan`1 value, Boolean ignoreCase, Boolean throwOnFailure, Object& result)
   at System.Enum.Parse(Type enumType, String value, Boolean ignoreCase)
   at System.ComponentModel.EnumConverter.ConvertFrom(ITypeDescriptorContext context, CultureInfo culture, Object value)
   --- End of inner exception stack trace ---
   at System.ComponentModel.EnumConverter.ConvertFrom(ITypeDescriptorContext context, CultureInfo culture, Object value)
   at MS.Internal.Xaml.Runtime.ClrObjectRuntime.CallProvideValue(MarkupExtension me, IServiceProvider serviceProvider)
17.09.2026 16:38:40: System.Windows.Markup.XamlParseException: "Предоставление значения для "System.Windows.Baml2006.TypeConverterMarkupExtension" вызвало исключение.": номер строки "232" и позиция в строке "30".
 ---> System.FormatException: CloudLightning24 is not a valid value for SymbolRegular.
 ---> System.ArgumentException: Requested value 'CloudLightning24' was not found.
   at System.Enum.TryParseByName[TStorage](RuntimeType enumType, ReadOnlySpan`1 value, Boolean ignoreCase, Boolean throwOnFailure, TStorage& result)
   at System.Enum.TryParseByValueOrName[TUnderlying,TStorage](RuntimeType enumType, ReadOnlySpan`1 value, Boolean ignoreCase, Boolean throwOnFailure, TUnderlying& result)
   at System.Enum.TryParse(Type enumType, ReadOnlySpan`1 value, Boolean ignoreCase, Boolean throwOnFailure, Object& result)
   at System.Enum.Parse(Type enumType, String value, Boolean ignoreCase)
   at System.ComponentModel.EnumConverter.ConvertFrom(ITypeDescriptorContext context, CultureInfo culture, Object value)
   --- End of inner exception stack trace ---
   at System.ComponentModel.EnumConverter.ConvertFrom(ITypeDescriptorContext context, CultureInfo culture, Object value)
   at MS.Internal.Xaml.Runtime.ClrObjectRuntime.CallProvideValue(MarkupExtension me, IServiceProvider serviceProvider)
   --- End of inner exception stack trace ---
   at System.Windows.Markup.XamlReader.RewrapException(Exception e, IXamlLineInfo lineInfo, Uri baseUri)
   at System.Windows.Markup.WpfXamlLoader.Load(XamlReader xamlReader, IXamlObjectWriterFactory writerFactory, Boolean skipJournaledProperties, Object rootObject, XamlObjectWriterSettings settings, Uri baseUri)
   at System.Windows.Markup.WpfXamlLoader.LoadBaml(XamlReader xamlReader, Boolean skipJournaledProperties, Object rootObject, XamlAccessLevel accessLevel, Uri baseUri)
   at System.Windows.Markup.XamlReader.LoadBaml(Stream stream, ParserContext parserContext, Object parent, Boolean closeStream)
   at System.Windows.Application.LoadBamlStreamWithSyncInfo(Stream stream, ParserContext pc)
   at System.Windows.Application.DoStartup()
   at System.Windows.Application.<.ctor>b__1_0(Object unused)
   at System.Windows.Threading.ExceptionWrapper.InternalRealCall(Delegate callback, Object args, Int32 numArgs)
   at System.Windows.Threading.ExceptionWrapper.TryCatchWhen(Object source, Delegate callback, Object args, Int32 numArgs, Delegate catchHandler)
   at System.Windows.Threading.DispatcherOperation.InvokeImpl()
   at MS.Internal.CulturePreservingExecutionContext.CallbackWrapper(Object obj)
   at System.Threading.ExecutionContext.RunInternal(ExecutionContext executionContext, ContextCallback callback, Object state)
--- End of stack trace from previous location ---
   at System.Threading.ExecutionContext.RunInternal(ExecutionContext executionContext, ContextCallback callback, Object state)
   at MS.Internal.CulturePreservingExecutionContext.Run(CulturePreservingExecutionContext executionContext, ContextCallback callback, Object state)
   at System.Windows.Threading.DispatcherOperation.Invoke()
   at System.Windows.Threading.Dispatcher.ProcessQueue()
   at System.Windows.Threading.Dispatcher.WndProcHook(IntPtr hwnd, Int32 msg, IntPtr wParam, IntPtr lParam, Boolean& handled)
   at MS.Win32.HwndWrapper.WndProc(IntPtr hwnd, Int32 msg, IntPtr wParam, IntPtr lParam, Boolean& handled)
   at MS.Win32.HwndSubclass.DispatcherCallbackOperation(Object o)
   at System.Windows.Threading.ExceptionWrapper.InternalRealCall(Delegate callback, Object args, Int32 numArgs)
   at System.Windows.Threading.ExceptionWrapper.TryCatchWhen(Object source, Delegate callback, Object args, Int32 numArgs, Delegate catchHandler)
   at System.Windows.Threading.Dispatcher.LegacyInvokeImpl(DispatcherPriority priority, TimeSpan timeout, Delegate method, Object args, Int32 numArgs)
   at System.Windows.Threading.Dispatcher.Invoke(DispatcherPriority priority, Delegate method, Object arg)
   at MS.Win32.HwndSubclass.SubclassWndProc(IntPtr hwnd, Int32 msg, IntPtr wParam, IntPtr lParam)
   at MS.Win32.UnsafeNativeMethods.DispatchMessage(MSG& msg)
   at System.Windows.Threading.Dispatcher.PushFrameImpl(DispatcherFrame frame)
   at System.Windows.Application.RunDispatcher(Object ignore)
   at System.Windows.Application.RunInternal(Window window)
   at OmniEyeTray.App.Main()
Inner: System.FormatException: CloudLightning24 is not a valid value for SymbolRegular.
 ---> System.ArgumentException: Requested value 'CloudLightning24' was not found.
   at System.Enum.TryParseByName[TStorage](RuntimeType enumType, ReadOnlySpan`1 value, Boolean ignoreCase, Boolean throwOnFailure, TStorage& result)
   at System.Enum.TryParseByValueOrName[TUnderlying,TStorage](RuntimeType enumType, ReadOnlySpan`1 value, Boolean ignoreCase, Boolean throwOnFailure, TUnderlying& result)
   at System.Enum.TryParse(Type enumType, ReadOnlySpan`1 value, Boolean ignoreCase, Boolean throwOnFailure, Object& result)
   at System.Enum.Parse(Type enumType, String value, Boolean ignoreCase)
   at System.ComponentModel.EnumConverter.ConvertFrom(ITypeDescriptorContext context, CultureInfo culture, Object value)
   --- End of inner exception stack trace ---
   at System.ComponentModel.EnumConverter.ConvertFrom(ITypeDescriptorContext context, CultureInfo culture, Object value)
   at MS.Internal.Xaml.Runtime.ClrObjectRuntime.CallProvideValue(MarkupExtension me, IServiceProvider serviceProvider)
17.09.2026 16:41:41: System.Windows.Markup.XamlParseException: Предоставление значения для "System.Windows.Baml2006.TypeConverterMarkupExtension" вызвало исключение.
 ---> System.FormatException: CloudLightning24 is not a valid value for SymbolRegular.
 ---> System.ArgumentException: Requested value 'CloudLightning24' was not found.
   at System.Enum.TryParseByName[TStorage](RuntimeType enumType, ReadOnlySpan`1 value, Boolean ignoreCase, Boolean throwOnFailure, TStorage& result)
   at System.Enum.TryParseByValueOrName[TUnderlying,TStorage](RuntimeType enumType, ReadOnlySpan`1 value, Boolean ignoreCase, Boolean throwOnFailure, TUnderlying& result)
   at System.Enum.TryParse(Type enumType, ReadOnlySpan`1 value, Boolean ignoreCase, Boolean throwOnFailure, Object& result)
   at System.Enum.Parse(Type enumType, String value, Boolean ignoreCase)
   at System.ComponentModel.EnumConverter.ConvertFrom(ITypeDescriptorContext context, CultureInfo culture, Object value)
   --- End of inner exception stack trace ---
   at System.ComponentModel.EnumConverter.ConvertFrom(ITypeDescriptorContext context, CultureInfo culture, Object value)
   at MS.Internal.Xaml.Runtime.ClrObjectRuntime.CallProvideValue(MarkupExtension me, IServiceProvider serviceProvider)
   --- End of inner exception stack trace ---
   at System.Windows.Markup.XamlReader.RewrapException(Exception e, IXamlLineInfo lineInfo, Uri baseUri)
   at System.Windows.Markup.WpfXamlLoader.Load(XamlReader xamlReader, IXamlObjectWriterFactory writerFactory, Boolean skipJournaledProperties, Object rootObject, XamlObjectWriterSettings settings, Uri baseUri)
   at System.Windows.Markup.WpfXamlLoader.LoadBaml(XamlReader xamlReader, Boolean skipJournaledProperties, Object rootObject, XamlAccessLevel accessLevel, Uri baseUri)
   at System.Windows.Markup.XamlReader.LoadBaml(Stream stream, ParserContext parserContext, Object parent, Boolean closeStream)
   at System.Windows.Application.LoadBamlStreamWithSyncInfo(Stream stream, ParserContext pc)
   at System.Windows.Application.DoStartup()
   at System.Windows.Application.<.ctor>b__1_0(Object unused)
   at System.Windows.Threading.ExceptionWrapper.InternalRealCall(Delegate callback, Object args, Int32 numArgs)
   at System.Windows.Threading.ExceptionWrapper.TryCatchWhen(Object source, Delegate callback, Object args, Int32 numArgs, Delegate catchHandler)
Inner: System.FormatException: CloudLightning24 is not a valid value for SymbolRegular.
 ---> System.ArgumentException: Requested value 'CloudLightning24' was not found.
   at System.Enum.TryParseByName[TStorage](RuntimeType enumType, ReadOnlySpan`1 value, Boolean ignoreCase, Boolean throwOnFailure, TStorage& result)
   at System.Enum.TryParseByValueOrName[TUnderlying,TStorage](RuntimeType enumType, ReadOnlySpan`1 value, Boolean ignoreCase, Boolean throwOnFailure, TUnderlying& result)
   at System.Enum.TryParse(Type enumType, ReadOnlySpan`1 value, Boolean ignoreCase, Boolean throwOnFailure, Object& result)
   at System.Enum.Parse(Type enumType, String value, Boolean ignoreCase)
   at System.ComponentModel.EnumConverter.ConvertFrom(ITypeDescriptorContext context, CultureInfo culture, Object value)
   --- End of inner exception stack trace ---
   at System.ComponentModel.EnumConverter.ConvertFrom(ITypeDescriptorContext context, CultureInfo culture, Object value)
   at MS.Internal.Xaml.Runtime.ClrObjectRuntime.CallProvideValue(MarkupExtension me, IServiceProvider serviceProvider)
17.09.2026 16:41:49: System.Windows.Markup.XamlParseException: Предоставление значения для "System.Windows.Baml2006.TypeConverterMarkupExtension" вызвало исключение.
 ---> System.FormatException: CloudLightning24 is not a valid value for SymbolRegular.
 ---> System.ArgumentException: Requested value 'CloudLightning24' was not found.
   at System.Enum.TryParseByName[TStorage](RuntimeType enumType, ReadOnlySpan`1 value, Boolean ignoreCase, Boolean throwOnFailure, TStorage& result)
   at System.Enum.TryParseByValueOrName[TUnderlying,TStorage](RuntimeType enumType, ReadOnlySpan`1 value, Boolean ignoreCase, Boolean throwOnFailure, TUnderlying& result)
   at System.Enum.TryParse(Type enumType, ReadOnlySpan`1 value, Boolean ignoreCase, Boolean throwOnFailure, Object& result)
   at System.Enum.Parse(Type enumType, String value, Boolean ignoreCase)
   at System.ComponentModel.EnumConverter.ConvertFrom(ITypeDescriptorContext context, CultureInfo culture, Object value)
   --- End of inner exception stack trace ---
   at System.ComponentModel.EnumConverter.ConvertFrom(ITypeDescriptorContext context, CultureInfo culture, Object value)
   at MS.Internal.Xaml.Runtime.ClrObjectRuntime.CallProvideValue(MarkupExtension me, IServiceProvider serviceProvider)
   --- End of inner exception stack trace ---
   at System.Windows.Markup.XamlReader.RewrapException(Exception e, IXamlLineInfo lineInfo, Uri baseUri)
   at System.Windows.Markup.WpfXamlLoader.Load(XamlReader xamlReader, IXamlObjectWriterFactory writerFactory, Boolean skipJournaledProperties, Object rootObject, XamlObjectWriterSettings settings, Uri baseUri)
   at System.Windows.Markup.WpfXamlLoader.LoadBaml(XamlReader xamlReader, Boolean skipJournaledProperties, Object rootObject, XamlAccessLevel accessLevel, Uri baseUri)
   at System.Windows.Markup.XamlReader.LoadBaml(Stream stream, ParserContext parserContext, Object parent, Boolean closeStream)
   at System.Windows.Application.LoadBamlStreamWithSyncInfo(Stream stream, ParserContext pc)
   at System.Windows.Application.DoStartup()
   at System.Windows.Application.<.ctor>b__1_0(Object unused)
   at System.Windows.Threading.ExceptionWrapper.InternalRealCall(Delegate callback, Object args, Int32 numArgs)
   at System.Windows.Threading.ExceptionWrapper.TryCatchWhen(Object source, Delegate callback, Object args, Int32 numArgs, Delegate catchHandler)
   at System.Windows.Threading.DispatcherOperation.InvokeImpl()
   at MS.Internal.CulturePreservingExecutionContext.CallbackWrapper(Object obj)
   at System.Threading.ExecutionContext.RunInternal(ExecutionContext executionContext, ContextCallback callback, Object state)
--- End of stack trace from previous location ---
   at System.Threading.ExecutionContext.RunInternal(ExecutionContext executionContext, ContextCallback callback, Object state)
   at MS.Internal.CulturePreservingExecutionContext.Run(CulturePreservingExecutionContext executionContext, ContextCallback callback, Object state)
   at System.Windows.Threading.DispatcherOperation.Invoke()
   at System.Windows.Threading.Dispatcher.ProcessQueue()
   at System.Windows.Threading.Dispatcher.WndProcHook(IntPtr hwnd, Int32 msg, IntPtr wParam, IntPtr lParam, Boolean& handled)
   at MS.Win32.HwndWrapper.WndProc(IntPtr hwnd, Int32 msg, IntPtr wParam, IntPtr lParam, Boolean& handled)
   at MS.Win32.HwndSubclass.DispatcherCallbackOperation(Object o)
   at System.Windows.Threading.ExceptionWrapper.InternalRealCall(Delegate callback, Object args, Int32 numArgs)
   at System.Windows.Threading.ExceptionWrapper.TryCatchWhen(Object source, Delegate callback, Object args, Int32 numArgs, Delegate catchHandler)
   at System.Windows.Threading.Dispatcher.LegacyInvokeImpl(DispatcherPriority priority, TimeSpan timeout, Delegate method, Object args, Int32 numArgs)
   at System.Windows.Threading.Dispatcher.Invoke(DispatcherPriority priority, Delegate method, Object arg)
   at MS.Win32.HwndSubclass.SubclassWndProc(IntPtr hwnd, Int32 msg, IntPtr wParam, IntPtr lParam)
   at MS.Win32.UnsafeNativeMethods.DispatchMessage(MSG& msg)
   at System.Windows.Threading.Dispatcher.PushFrameImpl(DispatcherFrame frame)
   at System.Windows.Application.RunDispatcher(Object ignore)
   at System.Windows.Application.RunInternal(Window window)
   at OmniEyeTray.App.Main()
Inner: System.FormatException: CloudLightning24 is not a valid value for SymbolRegular.
 ---> System.ArgumentException: Requested value 'CloudLightning24' was not found.
   at System.Enum.TryParseByName[TStorage](RuntimeType enumType, ReadOnlySpan`1 value, Boolean ignoreCase, Boolean throwOnFailure, TStorage& result)
   at System.Enum.TryParseByValueOrName[TUnderlying,TStorage](RuntimeType enumType, ReadOnlySpan`1 value, Boolean ignoreCase, Boolean throwOnFailure, TUnderlying& result)
   at System.Enum.TryParse(Type enumType, ReadOnlySpan`1 value, Boolean ignoreCase, Boolean throwOnFailure, Object& result)
   at System.Enum.Parse(Type enumType, String value, Boolean ignoreCase)
   at System.ComponentModel.EnumConverter.ConvertFrom(ITypeDescriptorContext context, CultureInfo culture, Object value)
   --- End of inner exception stack trace ---
   at System.ComponentModel.EnumConverter.ConvertFrom(ITypeDescriptorContext context, CultureInfo culture, Object value)
   at MS.Internal.Xaml.Runtime.ClrObjectRuntime.CallProvideValue(MarkupExtension me, IServiceProvider serviceProvider)
